******************************************************************************
                  MSP430 Linker PC v16.9.1                     
******************************************************************************
>> Linked Fri Apr 14 12:43:44 2017

OUTPUT FILE NAME:   <eDongle.out>
ENTRY POINT SYMBOL: "_c_int00_noargs_noexit"  address: 0000879c


MEMORY CONFIGURATION

         name            origin    length      used     unused   attr    fill
----------------------  --------  ---------  --------  --------  ----  --------
  SFR                   00000000   00000010  00000000  00000010  RWIX
  PERIPHERALS_8BIT      00000010   000000f0  00000000  000000f0  RWIX
  PERIPHERALS_16BIT     00000100   00000100  00000000  00000100  RWIX
  RAM                   00000200   00000400  00000059  000003a7  RWIX
  INFOD                 00001000   00000040  00000000  00000040  RWIX
  INFOC                 00001040   00000040  00000000  00000040  RWIX
  INFOB                 00001080   00000040  00000000  00000040  RWIX
  INFOA                 000010c0   00000040  00000000  00000040  RWIX
  FLASH                 00008000   00007fde  000008e4  000076fa  RWIX
  BSLSIGNATURE          0000ffde   00000002  00000002  00000000  RWIX  ffff 
  INT00                 0000ffe0   00000002  00000000  00000002  RWIX
  INT01                 0000ffe2   00000002  00000000  00000002  RWIX
  INT02                 0000ffe4   00000002  00000002  00000000  RWIX
  INT03                 0000ffe6   00000002  00000002  00000000  RWIX
  INT04                 0000ffe8   00000002  00000000  00000002  RWIX
  INT05                 0000ffea   00000002  00000002  00000000  RWIX
  INT06                 0000ffec   00000002  00000002  00000000  RWIX
  INT07                 0000ffee   00000002  00000002  00000000  RWIX
  INT08                 0000fff0   00000002  00000002  00000000  RWIX
  INT09                 0000fff2   00000002  00000002  00000000  RWIX
  INT10                 0000fff4   00000002  00000002  00000000  RWIX
  INT11                 0000fff6   00000002  00000000  00000002  RWIX
  INT12                 0000fff8   00000002  00000002  00000000  RWIX
  INT13                 0000fffa   00000002  00000002  00000000  RWIX
  INT14                 0000fffc   00000002  00000002  00000000  RWIX
  RESET                 0000fffe   00000002  00000002  00000000  RWIX


SECTION ALLOCATION MAP

 output                                  attributes/
section   page    origin      length       input sections
--------  ----  ----------  ----------   ----------------
.bss       0    00000200    00000009     UNINITIALIZED
                  00000200    00000002     (.common:user)
                  00000202    00000001     (.common:rf_addr_width)
                  00000203    00000001     (.common:rf_channel)
                  00000204    00000001     (.common:rf_crc)
                  00000205    00000001     (.common:rf_feature)
                  00000206    00000001     (.common:rf_irq)
                  00000207    00000001     (.common:rf_speed_power)
                  00000208    00000001     (.common:rf_status)

.stack     0    000005b0    00000050     UNINITIALIZED
                  000005b0    00000002     rts430_eabi.lib : boot.obj (.stack)
                  000005b2    0000004e     --HOLE--

.text      0    00008000    000008da     
                  00008000    00000110     main.obj (.text:main)
                  00008110    00000098     msp430_nrf24l01p.obj (.text:msprf24_init)
                  000081a8    0000006e     rts430_eabi.lib : autoinit.obj (.text:_auto_init)
                  00008216    0000006c     msp430_nrf24l01p.obj (.text:msprf24_set_pipe_packetsize)
                  00008282    00000066     msp430_nrf24l01p.obj (.text:w_tx_payload)
                  000082e8    00000062     msp430_nrf24l01p.obj (.text:msprf24_set_retransmit_delay)
                  0000834a    0000005c     msp430_nrf24l01p.obj (.text:msprf24_open_pipe)
                  000083a6    0000005c     msp430_nrf24l01p.obj (.text:w_rx_addr)
                  00008402    0000005a     rts430_eabi.lib : cpy_tbl.obj (.text:copy_in)
                  0000845c    0000005a     msp430_nrf24l01p.obj (.text:msprf24_current_state)
                  000084b6    00000058     msp430_nrf24l01p.obj (.text:msprf24_irq_clear)
                  0000850e    0000003c     msp430_nrf24l01p.obj (.text:w_tx_addr)
                  0000854a    00000036     msp430x2xx_spi.obj (.text:spi_transfer16)
                  00008580    00000032     msp430_nrf24l01p.obj (.text:msprf24_get_irq_reason)
                  000085b2    0000002e     msp430_nrf24l01p.obj (.text:msprf24_set_speed_power)
                  000085e0    0000002e     msp430_nrf24l01p.obj (.text:msprf24_standby)
                  0000860e    0000002c     rts430_eabi.lib : lsl16.obj (.text)
                  0000863a    0000002a     msp430_nrf24l01p.obj (.text:msprf24_set_config)
                  00008664    0000002a     msp430_nrf24l01p.obj (.text:r_reg)
                  0000868e    0000002a     msp430_nrf24l01p.obj (.text:w_reg)
                  000086b8    00000026     msp430x2xx_spi.obj (.text:spi_init)
                  000086de    00000024     msp430_nrf24l01p.obj (.text:msprf24_set_address_width)
                  00008702    00000022     msp430_nrf24l01p.obj (.text:msprf24_enable_feature)
                  00008724    00000022     msp430_nrf24l01p.obj (.text:msprf24_set_retransmit_count)
                  00008746    0000001e     msp430_nrf24l01p.obj (.text:msprf24_set_channel)
                  00008764    0000001c     msp430_nrf24l01p.obj (.text:msprf24_close_pipe_all)
                  00008780    0000001c     msp430_nrf24l01p.obj (.text:msprf24_is_alive)
                  0000879c    0000001a     rts430_eabi.lib : boot_special.obj (.text:_c_int00_noargs_noexit)
                  000087b6    0000001a     msp430_nrf24l01p.obj (.text:flush_rx)
                  000087d0    0000001a     msp430_nrf24l01p.obj (.text:flush_tx)
                  000087ea    00000018     msp430_nrf24l01p.obj (.text:P2_IRQ)
                  00008802    00000018     msp430_nrf24l01p.obj (.text:msprf24_powerdown)
                  0000881a    00000018     msp430_nrf24l01p.obj (.text:pulse_ce)
                  00008832    00000016     msp430_nrf24l01p.obj (.text:msprf24_activate_tx)
                  00008848    00000016     rts430_eabi.lib : div16u.obj (.text)
                  0000885e    00000014                     : copy_zero_init.obj (.text:decompress:ZI:__TI_zero_init)
                  00008872    00000014                     : mult16.obj (.text)
                  00008886    00000012                     : memcpy.obj (.text:memcpy)
                  00008898    00000010                     : epilog.obj (.text)
                  000088a8    00000010     msp430x2xx_spi.obj (.text:spi_transfer)
                  000088b8    0000000e     msp430_nrf24l01p.obj (.text:msprf24_get_last_retransmits)
                  000088c6    00000008     rts430_eabi.lib : isr_trap.obj (.text:_isr:__TI_ISR_TRAP)
                  000088ce    00000006                     : exit.obj (.text:abort)
                  000088d4    00000004                     : pre_init.obj (.text:_system_pre_init)
                  000088d8    00000002                     : startup.obj (.text:_system_post_cinit)

.cinit     0    000088da    0000000a     
                  000088da    00000004     (.cinit..bss.load) [load image, compression = zero_init]
                  000088de    00000002     (__TI_handler_table)
                  000088e0    00000004     (__TI_cinit_table)

.binit     0    00008000    00000000     

.init_array 
*          0    00008000    00000000     UNINITIALIZED

$fill000   0    0000ffde    00000002     
                  0000ffde    00000002     --HOLE-- [fill = ffff]

PORT1      0    0000ffe4    00000002     
                  0000ffe4    00000002     rts430_eabi.lib : int02.obj (.int02)

PORT2      0    0000ffe6    00000002     
                  0000ffe6    00000002     msp430_nrf24l01p.obj (.int03)

ADC10      0    0000ffea    00000002     
                  0000ffea    00000002     rts430_eabi.lib : int05.obj (.int05)

USCIAB0TX 
*          0    0000ffec    00000002     
                  0000ffec    00000002     rts430_eabi.lib : int06.obj (.int06)

USCIAB0RX 
*          0    0000ffee    00000002     
                  0000ffee    00000002     rts430_eabi.lib : int07.obj (.int07)

TIMERA1    0    0000fff0    00000002     
                  0000fff0    00000002     rts430_eabi.lib : int08.obj (.int08)

TIMERA0    0    0000fff2    00000002     
                  0000fff2    00000002     rts430_eabi.lib : int09.obj (.int09)

WDT        0    0000fff4    00000002     
                  0000fff4    00000002     rts430_eabi.lib : int10.obj (.int10)

TIMERB1    0    0000fff8    00000002     
                  0000fff8    00000002     rts430_eabi.lib : int12.obj (.int12)

TIMERB0    0    0000fffa    00000002     
                  0000fffa    00000002     rts430_eabi.lib : int13.obj (.int13)

NMI        0    0000fffc    00000002     
                  0000fffc    00000002     rts430_eabi.lib : int14.obj (.int14)

.reset     0    0000fffe    00000002     
                  0000fffe    00000002     rts430_eabi.lib : boot.obj (.reset)

MODULE SUMMARY

       Module                 code   ro data   rw data
       ------                 ----   -------   -------
    .\
       msp430_nrf24l01p.obj   1500   2         7      
       main.obj               272    0         2      
       msp430x2xx_spi.obj     108    0         0      
    +--+----------------------+------+---------+---------+
       Total:                 1880   2         9      
                                                      
    C:\ti\ccsv7\tools\compiler\ti-cgt-msp430_16.9.1.LTS\lib\rts430_eabi.lib
       autoinit.obj           110    0         0      
       cpy_tbl.obj            90     0         0      
       lsl16.obj              44     0         0      
       boot_special.obj       26     0         0      
       div16u.obj             22     0         0      
       copy_zero_init.obj     20     0         0      
       mult16.obj             20     0         0      
       memcpy.obj             18     0         0      
       epilog.obj             16     0         0      
       isr_trap.obj           8      0         0      
       exit.obj               6      0         0      
       pre_init.obj           4      0         0      
       boot.obj               0      2         0      
       int02.obj              0      2         0      
       int05.obj              0      2         0      
       int06.obj              0      2         0      
       int07.obj              0      2         0      
       int08.obj              0      2         0      
       int09.obj              0      2         0      
       int10.obj              0      2         0      
       int12.obj              0      2         0      
       int13.obj              0      2         0      
       int14.obj              0      2         0      
       startup.obj            2      0         0      
    +--+----------------------+------+---------+---------+
       Total:                 386    22        0      
                                                      
       Stack:                 0      0         80     
       Linker Generated:      0      10        0      
    +--+----------------------+------+---------+---------+
       Grand Total:           2266   34        89     


LINKER GENERATED COPY TABLES

__TI_cinit_table @ 000088e0 records: 1, size/record: 4, table size: 4
	.bss: load addr=000088da, load size=00000004 bytes, run addr=00000200, run size=00000009 bytes, compression=zero_init


LINKER GENERATED HANDLER TABLE

__TI_handler_table @ 000088de records: 1, size/record: 2, table size: 2
	index: 0, handler: __TI_zero_init


GLOBAL SYMBOLS: SORTED ALPHABETICALLY BY Name 

address   name                        
-------   ----                        
0000004a  ADC10AE0                    
0000004b  ADC10AE1                    
000001b0  ADC10CTL0                   
000001b2  ADC10CTL1                   
00000048  ADC10DTC0                   
00000049  ADC10DTC1                   
000001b4  ADC10MEM                    
000001bc  ADC10SA                     
00000057  BCSCTL1                     
00000058  BCSCTL2                     
00000053  BCSCTL3                     
000088ce  C$$EXIT                     
000010fb  CALBC1_12MHZ                
000010f9  CALBC1_16MHZ                
000010ff  CALBC1_1MHZ                 
000010fd  CALBC1_8MHZ                 
000010fa  CALDCO_12MHZ                
000010f8  CALDCO_16MHZ                
000010fe  CALDCO_1MHZ                 
000010fc  CALDCO_8MHZ                 
00000056  DCOCTL                      
00000128  FCTL1                       
0000012a  FCTL2                       
0000012c  FCTL3                       
00000000  IE1                         
00000001  IE2                         
00000002  IFG1                        
00000003  IFG2                        
00000022  P1DIR                       
00000025  P1IE                        
00000024  P1IES                       
00000023  P1IFG                       
00000020  P1IN                        
00000021  P1OUT                       
00000027  P1REN                       
00000026  P1SEL                       
0000002a  P2DIR                       
0000002d  P2IE                        
0000002c  P2IES                       
0000002b  P2IFG                       
00000028  P2IN                        
00000029  P2OUT                       
0000002f  P2REN                       
0000002e  P2SEL                       
000087ea  P2_IRQ                      
0000001a  P3DIR                       
00000018  P3IN                        
00000019  P3OUT                       
00000010  P3REN                       
0000001b  P3SEL                       
0000001e  P4DIR                       
0000001c  P4IN                        
0000001d  P4OUT                       
00000011  P4REN                       
0000001f  P4SEL                       
00000172  TACCR0                      
00000174  TACCR1                      
00000176  TACCR2                      
00000162  TACCTL0                     
00000164  TACCTL1                     
00000166  TACCTL2                     
00000160  TACTL                       
0000012e  TAIV                        
00000170  TAR                         
00000192  TBCCR0                      
00000194  TBCCR1                      
00000196  TBCCR2                      
00000182  TBCCTL0                     
00000184  TBCCTL1                     
00000186  TBCCTL2                     
00000180  TBCTL                       
0000011e  TBIV                        
00000190  TBR                         
0000005d  UCA0ABCTL                   
00000062  UCA0BR0                     
00000063  UCA0BR1                     
00000060  UCA0CTL0                    
00000061  UCA0CTL1                    
0000005f  UCA0IRRCTL                  
0000005e  UCA0IRTCTL                  
00000064  UCA0MCTL                    
00000066  UCA0RXBUF                   
00000065  UCA0STAT                    
00000067  UCA0TXBUF                   
0000006a  UCB0BR0                     
0000006b  UCB0BR1                     
00000068  UCB0CTL0                    
00000069  UCB0CTL1                    
0000006c  UCB0I2CIE                   
00000118  UCB0I2COA                   
0000011a  UCB0I2CSA                   
0000006e  UCB0RXBUF                   
0000006d  UCB0STAT                    
0000006f  UCB0TXBUF                   
00000120  WDTCTL                      
00000600  __STACK_END                 
00000050  __STACK_SIZE                
UNDEFED   __TI_BINIT_Base             
UNDEFED   __TI_BINIT_Limit            
000088e0  __TI_CINIT_Base             
000088e4  __TI_CINIT_Limit            
000088de  __TI_Handler_Table_Base     
000088e0  __TI_Handler_Table_Limit    
UNDEFED   __TI_INITARRAY_Base         
UNDEFED   __TI_INITARRAY_Limit        
000088c6  __TI_ISR_TRAP               
0000ffe4  __TI_int02                  
0000ffe6  __TI_int03                  
0000ffea  __TI_int05                  
0000ffec  __TI_int06                  
0000ffee  __TI_int07                  
0000fff0  __TI_int08                  
0000fff2  __TI_int09                  
0000fff4  __TI_int10                  
0000fff8  __TI_int12                  
0000fffa  __TI_int13                  
0000fffc  __TI_int14                  
ffffffff  __TI_pprof_out_hndl         
ffffffff  __TI_prof_data_size         
ffffffff  __TI_prof_data_start        
0000885e  __TI_zero_init              
ffffffff  __c_args__                  
00008848  __mspabi_divu               
000088a4  __mspabi_func_epilog_1      
000088a2  __mspabi_func_epilog_2      
000088a0  __mspabi_func_epilog_3      
0000889e  __mspabi_func_epilog_4      
0000889c  __mspabi_func_epilog_5      
0000889a  __mspabi_func_epilog_6      
00008898  __mspabi_func_epilog_7      
00008872  __mspabi_mpyi               
00008872  __mspabi_mpyi_sw            
00008848  __mspabi_remu               
0000860e  __mspabi_slli               
00008636  __mspabi_slli_1             
00008624  __mspabi_slli_10            
00008622  __mspabi_slli_11            
00008620  __mspabi_slli_12            
0000861e  __mspabi_slli_13            
0000861c  __mspabi_slli_14            
0000861a  __mspabi_slli_15            
00008634  __mspabi_slli_2             
00008632  __mspabi_slli_3             
00008630  __mspabi_slli_4             
0000862e  __mspabi_slli_5             
0000862c  __mspabi_slli_6             
0000862a  __mspabi_slli_7             
00008628  __mspabi_slli_8             
00008626  __mspabi_slli_9             
000081a8  _auto_init                  
0000879c  _c_int00_noargs_noexit      
0000fffe  _reset_vector               
000005b0  _stack                      
000088d8  _system_post_cinit          
000088d4  _system_pre_init            
000088ce  abort                       
00008402  copy_in                     
000087b6  flush_rx                    
000087d0  flush_tx                    
00008000  main                        
00008886  memcpy                      
00008832  msprf24_activate_tx         
00008764  msprf24_close_pipe_all      
0000845c  msprf24_current_state       
00008702  msprf24_enable_feature      
00008580  msprf24_get_irq_reason      
000088b8  msprf24_get_last_retransmits
00008110  msprf24_init                
000084b6  msprf24_irq_clear           
00008780  msprf24_is_alive            
0000834a  msprf24_open_pipe           
00008802  msprf24_powerdown           
000086de  msprf24_set_address_width   
00008746  msprf24_set_channel         
0000863a  msprf24_set_config          
00008216  msprf24_set_pipe_packetsize 
00008724  msprf24_set_retransmit_count
000082e8  msprf24_set_retransmit_delay
000085b2  msprf24_set_speed_power     
000085e0  msprf24_standby             
0000881a  pulse_ce                    
00008664  r_reg                       
00000202  rf_addr_width               
00000203  rf_channel                  
00000204  rf_crc                      
00000205  rf_feature                  
00000206  rf_irq                      
00000207  rf_speed_power              
00000208  rf_status                   
000086b8  spi_init                    
000088a8  spi_transfer                
0000854a  spi_transfer16              
00000200  user                        
0000868e  w_reg                       
000083a6  w_rx_addr                   
0000850e  w_tx_addr                   
00008282  w_tx_payload                


GLOBAL SYMBOLS: SORTED BY Symbol Address 

address   name                        
-------   ----                        
00000000  IE1                         
00000001  IE2                         
00000002  IFG1                        
00000003  IFG2                        
00000010  P3REN                       
00000011  P4REN                       
00000018  P3IN                        
00000019  P3OUT                       
0000001a  P3DIR                       
0000001b  P3SEL                       
0000001c  P4IN                        
0000001d  P4OUT                       
0000001e  P4DIR                       
0000001f  P4SEL                       
00000020  P1IN                        
00000021  P1OUT                       
00000022  P1DIR                       
00000023  P1IFG                       
00000024  P1IES                       
00000025  P1IE                        
00000026  P1SEL                       
00000027  P1REN                       
00000028  P2IN                        
00000029  P2OUT                       
0000002a  P2DIR                       
0000002b  P2IFG                       
0000002c  P2IES                       
0000002d  P2IE                        
0000002e  P2SEL                       
0000002f  P2REN                       
00000048  ADC10DTC0                   
00000049  ADC10DTC1                   
0000004a  ADC10AE0                    
0000004b  ADC10AE1                    
00000050  __STACK_SIZE                
00000053  BCSCTL3                     
00000056  DCOCTL                      
00000057  BCSCTL1                     
00000058  BCSCTL2                     
0000005d  UCA0ABCTL                   
0000005e  UCA0IRTCTL                  
0000005f  UCA0IRRCTL                  
00000060  UCA0CTL0                    
00000061  UCA0CTL1                    
00000062  UCA0BR0                     
00000063  UCA0BR1                     
00000064  UCA0MCTL                    
00000065  UCA0STAT                    
00000066  UCA0RXBUF                   
00000067  UCA0TXBUF                   
00000068  UCB0CTL0                    
00000069  UCB0CTL1                    
0000006a  UCB0BR0                     
0000006b  UCB0BR1                     
0000006c  UCB0I2CIE                   
0000006d  UCB0STAT                    
0000006e  UCB0RXBUF                   
0000006f  UCB0TXBUF                   
00000118  UCB0I2COA                   
0000011a  UCB0I2CSA                   
0000011e  TBIV                        
00000120  WDTCTL                      
00000128  FCTL1                       
0000012a  FCTL2                       
0000012c  FCTL3                       
0000012e  TAIV                        
00000160  TACTL                       
00000162  TACCTL0                     
00000164  TACCTL1                     
00000166  TACCTL2                     
00000170  TAR                         
00000172  TACCR0                      
00000174  TACCR1                      
00000176  TACCR2                      
00000180  TBCTL                       
00000182  TBCCTL0                     
00000184  TBCCTL1                     
00000186  TBCCTL2                     
00000190  TBR                         
00000192  TBCCR0                      
00000194  TBCCR1                      
00000196  TBCCR2                      
000001b0  ADC10CTL0                   
000001b2  ADC10CTL1                   
000001b4  ADC10MEM                    
000001bc  ADC10SA                     
00000200  user                        
00000202  rf_addr_width               
00000203  rf_channel                  
00000204  rf_crc                      
00000205  rf_feature                  
00000206  rf_irq                      
00000207  rf_speed_power              
00000208  rf_status                   
000005b0  _stack                      
00000600  __STACK_END                 
000010f8  CALDCO_16MHZ                
000010f9  CALBC1_16MHZ                
000010fa  CALDCO_12MHZ                
000010fb  CALBC1_12MHZ                
000010fc  CALDCO_8MHZ                 
000010fd  CALBC1_8MHZ                 
000010fe  CALDCO_1MHZ                 
000010ff  CALBC1_1MHZ                 
00008000  main                        
00008110  msprf24_init                
000081a8  _auto_init                  
00008216  msprf24_set_pipe_packetsize 
00008282  w_tx_payload                
000082e8  msprf24_set_retransmit_delay
0000834a  msprf24_open_pipe           
000083a6  w_rx_addr                   
00008402  copy_in                     
0000845c  msprf24_current_state       
000084b6  msprf24_irq_clear           
0000850e  w_tx_addr                   
0000854a  spi_transfer16              
00008580  msprf24_get_irq_reason      
000085b2  msprf24_set_speed_power     
000085e0  msprf24_standby             
0000860e  __mspabi_slli               
0000861a  __mspabi_slli_15            
0000861c  __mspabi_slli_14            
0000861e  __mspabi_slli_13            
00008620  __mspabi_slli_12            
00008622  __mspabi_slli_11            
00008624  __mspabi_slli_10            
00008626  __mspabi_slli_9             
00008628  __mspabi_slli_8             
0000862a  __mspabi_slli_7             
0000862c  __mspabi_slli_6             
0000862e  __mspabi_slli_5             
00008630  __mspabi_slli_4             
00008632  __mspabi_slli_3             
00008634  __mspabi_slli_2             
00008636  __mspabi_slli_1             
0000863a  msprf24_set_config          
00008664  r_reg                       
0000868e  w_reg                       
000086b8  spi_init                    
000086de  msprf24_set_address_width   
00008702  msprf24_enable_feature      
00008724  msprf24_set_retransmit_count
00008746  msprf24_set_channel         
00008764  msprf24_close_pipe_all      
00008780  msprf24_is_alive            
0000879c  _c_int00_noargs_noexit      
000087b6  flush_rx                    
000087d0  flush_tx                    
000087ea  P2_IRQ                      
00008802  msprf24_powerdown           
0000881a  pulse_ce                    
00008832  msprf24_activate_tx         
00008848  __mspabi_divu               
00008848  __mspabi_remu               
0000885e  __TI_zero_init              
00008872  __mspabi_mpyi               
00008872  __mspabi_mpyi_sw            
00008886  memcpy                      
00008898  __mspabi_func_epilog_7      
0000889a  __mspabi_func_epilog_6      
0000889c  __mspabi_func_epilog_5      
0000889e  __mspabi_func_epilog_4      
000088a0  __mspabi_func_epilog_3      
000088a2  __mspabi_func_epilog_2      
000088a4  __mspabi_func_epilog_1      
000088a8  spi_transfer                
000088b8  msprf24_get_last_retransmits
000088c6  __TI_ISR_TRAP               
000088ce  C$$EXIT                     
000088ce  abort                       
000088d4  _system_pre_init            
000088d8  _system_post_cinit          
000088de  __TI_Handler_Table_Base     
000088e0  __TI_CINIT_Base             
000088e0  __TI_Handler_Table_Limit    
000088e4  __TI_CINIT_Limit            
0000ffe4  __TI_int02                  
0000ffe6  __TI_int03                  
0000ffea  __TI_int05                  
0000ffec  __TI_int06                  
0000ffee  __TI_int07                  
0000fff0  __TI_int08                  
0000fff2  __TI_int09                  
0000fff4  __TI_int10                  
0000fff8  __TI_int12                  
0000fffa  __TI_int13                  
0000fffc  __TI_int14                  
0000fffe  _reset_vector               
ffffffff  __TI_pprof_out_hndl         
ffffffff  __TI_prof_data_size         
ffffffff  __TI_prof_data_start        
ffffffff  __c_args__                  
UNDEFED   __TI_BINIT_Base             
UNDEFED   __TI_BINIT_Limit            
UNDEFED   __TI_INITARRAY_Base         
UNDEFED   __TI_INITARRAY_Limit        

[197 symbols]
